
> test
> node --test tests/*.test.js

TAP version 13
# ✅ All formatDuration tests passed.
# Subtest: cleanWord
    # Subtest: should return normal word without changes
    ok 1 - should return normal word without changes
      ---
      duration_ms: 1.022472
      type: 'test'
      ...
    # Subtest: should remove leading numbers
    ok 2 - should remove leading numbers
      ---
      duration_ms: 0.274721
      type: 'test'
      ...
    # Subtest: should remove leading bullets, hyphens, asterisks, periods, and right parentheses
    ok 3 - should remove leading bullets, hyphens, asterisks, periods, and right parentheses
      ---
      duration_ms: 0.269486
      type: 'test'
      ...
    # Subtest: should remove combinations of noise characters
    ok 4 - should remove combinations of noise characters
      ---
      duration_ms: 0.335741
      type: 'test'
      ...
    # Subtest: should preserve internal and trailing noise characters
    ok 5 - should preserve internal and trailing noise characters
      ---
      duration_ms: 0.17216
      type: 'test'
      ...
    # Subtest: should trim leading and trailing spaces
    ok 6 - should trim leading and trailing spaces
      ---
      duration_ms: 0.268624
      type: 'test'
      ...
    # Subtest: should return empty string if input contains only noise characters
    ok 7 - should return empty string if input contains only noise characters
      ---
      duration_ms: 0.191354
      type: 'test'
      ...
    # Subtest: should handle empty string
    ok 8 - should handle empty string
      ---
      duration_ms: 0.307312
      type: 'test'
      ...
    1..8
ok 1 - cleanWord
  ---
  duration_ms: 5.3278
  type: 'test'
  ...
# ✅ All formatDuration tests passed.
# Subtest: getScore
    # Subtest: should return 0 when currentTest is empty
    ok 1 - should return 0 when currentTest is empty
      ---
      duration_ms: 1.116775
      type: 'test'
      ...
    # Subtest: should return 0 when no answers are correct
    ok 2 - should return 0 when no answers are correct
      ---
      duration_ms: 0.297261
      type: 'test'
      ...
    # Subtest: should return the correct count when some answers are correct
    ok 3 - should return the correct count when some answers are correct
      ---
      duration_ms: 0.522843
      type: 'test'
      ...
    # Subtest: should return the total count when all answers are correct
    ok 4 - should return the total count when all answers are correct
      ---
      duration_ms: 0.519972
      type: 'test'
      ...
    # Subtest: should ignore other properties and only consider status
    ok 5 - should ignore other properties and only consider status
      ---
      duration_ms: 0.268271
      type: 'test'
      ...
    1..5
ok 2 - getScore
  ---
  duration_ms: 4.852573
  type: 'test'
  ...
# ✅ All formatDuration tests passed.
# Subtest: parseLine
    # Subtest: should parse lines with various separators
    ok 1 - should parse lines with various separators
      ---
      duration_ms: 3.568889
      type: 'test'
      ...
    # Subtest: should fall back to chunk formats
    ok 2 - should fall back to chunk formats
      ---
      duration_ms: 0.577501
      type: 'test'
      ...
    # Subtest: should handle reversed layouts
    ok 3 - should handle reversed layouts
      ---
      duration_ms: 0.314585
      type: 'test'
      ...
    # Subtest: should filter out synonyms and word-forms
    ok 4 - should filter out synonyms and word-forms
      ---
      duration_ms: 0.262552
      type: 'test'
      ...
    # Subtest: should return null for noise lines and headers
    ok 5 - should return null for noise lines and headers
      ---
      duration_ms: 0.56199
      type: 'test'
      ...
    # Subtest: should return null if english word has non-english characters
    ok 6 - should return null if english word has non-english characters
      ---
      duration_ms: 0.374894
      type: 'test'
      ...
    # Subtest: should return null if meaning is empty
    ok 7 - should return null if meaning is empty
      ---
      duration_ms: 0.486779
      type: 'test'
      ...
    1..7
ok 3 - parseLine
  ---
  duration_ms: 8.58297
  type: 'test'
  ...
# ✅ All formatDuration tests passed.
# Subtest: parseVocabText
    # Subtest: should parse text with em dash separator
    ok 1 - should parse text with em dash separator
      ---
      duration_ms: 2.611503
      type: 'test'
      ...
    # Subtest: should parse text with en dash separator
    ok 2 - should parse text with en dash separator
      ---
      duration_ms: 0.415063
      type: 'test'
      ...
    # Subtest: should parse text with colon separator
    ok 3 - should parse text with colon separator
      ---
      duration_ms: 0.596462
      type: 'test'
      ...
    # Subtest: should parse text with tab separator
    ok 4 - should parse text with tab separator
      ---
      duration_ms: 0.481371
      type: 'test'
      ...
    # Subtest: should parse text with equals sign separator
    ok 5 - should parse text with equals sign separator
      ---
      duration_ms: 0.453172
      type: 'test'
      ...
    # Subtest: should parse text with arrow separator
    ok 6 - should parse text with arrow separator
      ---
      duration_ms: 0.395109
      type: 'test'
      ...
    # Subtest: should parse text with pipe separator
    ok 7 - should parse text with pipe separator
      ---
      duration_ms: 0.328387
      type: 'test'
      ...
    # Subtest: should parse text with hyphen w/ mandatory spaces separator
    ok 8 - should parse text with hyphen w/ mandatory spaces separator
      ---
      duration_ms: 0.526847
      type: 'test'
      ...
    # Subtest: should not split on hyphenated words without spaces
    ok 9 - should not split on hyphenated words without spaces
      ---
      duration_ms: 0.430761
      type: 'test'
      ...
    # Subtest: should parse text with bare comma separator if right side is Hindi
    ok 10 - should parse text with bare comma separator if right side is Hindi
      ---
      duration_ms: 0.416994
      type: 'test'
      ...
    # Subtest: should not use bare comma if right side is not Hindi
    ok 11 - should not use bare comma if right side is not Hindi
      ---
      duration_ms: 0.547512
      type: 'test'
      ...
    # Subtest: should handle fallback 1: English then Devanagari with space
    ok 12 - should handle fallback 1: English then Devanagari with space
      ---
      duration_ms: 0.331575
      type: 'test'
      ...
    # Subtest: should handle fallback 2: Devanagari then English (reversed layout)
    ok 13 - should handle fallback 2: Devanagari then English (reversed layout)
      ---
      duration_ms: 0.343385
      type: 'test'
      ...
    # Subtest: should handle fallback 3: Word (Meaning) parenthetical
    ok 14 - should handle fallback 3: Word (Meaning) parenthetical
      ---
      duration_ms: 0.333566
      type: 'test'
      ...
    # Subtest: should extract base form from multiple word-forms (comma)
    ok 15 - should extract base form from multiple word-forms (comma)
      ---
      duration_ms: 0.299231
      type: 'test'
      ...
    # Subtest: should extract base form from multiple word-forms (slash)
    ok 16 - should extract base form from multiple word-forms (slash)
      ---
      duration_ms: 0.261511
      type: 'test'
      ...
    # Subtest: should capitalize first letter and lowercase the rest
    ok 17 - should capitalize first letter and lowercase the rest
      ---
      duration_ms: 0.176014
      type: 'test'
      ...
    # Subtest: should remove duplicates based on the English word (case-insensitive)
    ok 18 - should remove duplicates based on the English word (case-insensitive)
      ---
      duration_ms: 0.350234
      type: 'test'
      ...
    # Subtest: should ignore common header rows
    ok 19 - should ignore common header rows
      ---
      duration_ms: 0.361633
      type: 'test'
      ...
    # Subtest: should skip lines with invalid or no English words
    ok 20 - should skip lines with invalid or no English words
      ---
      duration_ms: 0.245554
      type: 'test'
      ...
    1..20
ok 4 - parseVocabText
  ---
  duration_ms: 16.062995
  type: 'test'
  ...
# ✅ All formatDuration tests passed.
# Subtest: resolveOrder
    # Subtest: should return {word: a, meaning: b} when a is English and b is Hindi
    ok 1 - should return {word: a, meaning: b} when a is English and b is Hindi
      ---
      duration_ms: 1.664663
      type: 'test'
      ...
    # Subtest: should return {word: b, meaning: a} when a is Hindi and b is English (reversed layout correction)
    ok 2 - should return {word: b, meaning: a} when a is Hindi and b is English (reversed layout correction)
      ---
      duration_ms: 0.273821
      type: 'test'
      ...
    # Subtest: should default to {word: a, meaning: b} when both are English
    ok 3 - should default to {word: a, meaning: b} when both are English
      ---
      duration_ms: 0.285813
      type: 'test'
      ...
    # Subtest: should default to {word: a, meaning: b} when both are Hindi
    ok 4 - should default to {word: a, meaning: b} when both are Hindi
      ---
      duration_ms: 0.380605
      type: 'test'
      ...
    # Subtest: should handle empty strings
    ok 5 - should handle empty strings
      ---
      duration_ms: 0.184403
      type: 'test'
      ...
    # Subtest: should handle undefined inputs
    ok 6 - should handle undefined inputs
      ---
      duration_ms: 0.253473
      type: 'test'
      ...
    1..6
ok 5 - resolveOrder
  ---
  duration_ms: 4.979126
  type: 'test'
  ...
# ✅ All formatDuration tests passed.
# Subtest: shuffle
    # Subtest: should return a new array and not modify the original array
    ok 1 - should return a new array and not modify the original array
      ---
      duration_ms: 2.068506
      type: 'test'
      ...
    # Subtest: should contain all the same elements as the original array
    ok 2 - should contain all the same elements as the original array
      ---
      duration_ms: 0.449465
      type: 'test'
      ...
    # Subtest: should handle an empty array
    ok 3 - should handle an empty array
      ---
      duration_ms: 0.28718
      type: 'test'
      ...
    # Subtest: should handle a single-element array
    ok 4 - should handle a single-element array
      ---
      duration_ms: 0.198221
      type: 'test'
      ...
    # Subtest: should handle a larger array
    ok 5 - should handle a larger array
      ---
      duration_ms: 0.547945
      type: 'test'
      ...
    1..5
ok 6 - shuffle
  ---
  duration_ms: 6.303128
  type: 'test'
  ...
1..6
# tests 57
# suites 0
# pass 57
# fail 0
# cancelled 0
# skipped 0
# todo 0
# duration_ms 3304.866703
